// Jest Snapshot v1, https://goo.gl/fbAQLP

exports[`MobileSideBar component. Snapshot should match. 1`] = `
<div>
  <WithStyles(ForwardRef(Drawer))
    onClose={[Function]}
    open={true}
  >
    <div
      onClick={[Function]}
      role="presentation"
    >
      <WithStyles(ForwardRef(List))>
        <Link
          to="/icebox"
        >
          <WithStyles(ForwardRef(ListItem))
            button={true}
          >
            <WithStyles(ForwardRef(ListItemIcon))>
              <MoveToInboxIcon />
            </WithStyles(ForwardRef(ListItemIcon))>
            <WithStyles(ForwardRef(ListItemText))
              primary="Icebox"
            />
          </WithStyles(ForwardRef(ListItem))>
        </Link>
        <Link
          to="/"
        >
          <WithStyles(ForwardRef(ListItem))
            button={true}
          >
            <WithStyles(ForwardRef(ListItemIcon))>
              <CalendarTodayIcon />
            </WithStyles(ForwardRef(ListItemIcon))>
            <WithStyles(ForwardRef(ListItemText))
              primary="Today"
            />
          </WithStyles(ForwardRef(ListItem))>
        </Link>
        <Link
          to="/next-week"
        >
          <WithStyles(ForwardRef(ListItem))
            button={true}
          >
            <WithStyles(ForwardRef(ListItemIcon))>
              <DateRangeIcon />
            </WithStyles(ForwardRef(ListItemIcon))>
            <WithStyles(ForwardRef(ListItemText))
              primary="Next week"
            />
          </WithStyles(ForwardRef(ListItem))>
        </Link>
      </WithStyles(ForwardRef(List))>
      <WithStyles(ForwardRef(Divider)) />
      <WithStyles(ForwardRef(List))>
        <WithStyles(ForwardRef(ListItem))
          button={true}
        >
          <WithStyles(ForwardRef(ListItemIcon))>
            <GpsFixedIcon />
          </WithStyles(ForwardRef(ListItemIcon))>
          <WithStyles(ForwardRef(ListItemText))
            primary="Goals"
          />
        </WithStyles(ForwardRef(ListItem))>
        <WithStyles(ForwardRef(ListItem))
          button={true}
        >
          <WithStyles(ForwardRef(ListItemIcon))>
            <AddAlarmIcon />
          </WithStyles(ForwardRef(ListItemIcon))>
          <WithStyles(ForwardRef(ListItemText))
            primary="Alarm"
          />
        </WithStyles(ForwardRef(ListItem))>
        <WithStyles(ForwardRef(ListItem))
          button={true}
        >
          <WithStyles(ForwardRef(ListItemIcon))>
            <BookIcon />
          </WithStyles(ForwardRef(ListItemIcon))>
          <WithStyles(ForwardRef(ListItemText))
            primary="Diary"
          />
        </WithStyles(ForwardRef(ListItem))>
      </WithStyles(ForwardRef(List))>
    </div>
  </WithStyles(ForwardRef(Drawer))>
</div>
`;
